// Jest Snapshot v1, https://goo.gl/fbAQLP

exports[`Card component should always have the same snapshot 1`] = `
<div
  class="MuiPaper-root MuiPaper-elevation MuiPaper-rounded MuiPaper-elevation1 MuiCard-root sc-iCfMLu eZlenB css-66l59o-MuiPaper-root-MuiCard-root"
>
  <img
    alt="Montenegro Flag"
    class="MuiCardMedia-root MuiCardMedia-media MuiCardMedia-img sc-furwcr fksWRi css-o69gx8-MuiCardMedia-root"
    src="https://flagcdn.com/me.svg"
  />
  <div
    class="MuiCardContent-root sc-jrQzAO cCcBeS css-46bh2p-MuiCardContent-root"
  >
    <h2
      class="sc-pVTFL lixlSB"
    >
      Montenegro
    </h2>
    <p
      class="sc-hKwDye keOyrB"
    >
      <strong
        class="sc-dkPtRN erdiHc"
      >
        Population: 
      </strong>
      621,718
    </p>
    <p
      class="sc-hKwDye keOyrB"
    >
      <strong
        class="sc-dkPtRN erdiHc"
      >
        Region: 
      </strong>
      Europe
    </p>
    <p
      class="sc-hKwDye keOyrB"
    >
      <strong
        class="sc-dkPtRN erdiHc"
      >
        Capital: 
      </strong>
      Podgorica
    </p>
  </div>
</div>
`;
