// Jest Snapshot v1, https://goo.gl/fbAQLP

exports[`CardList component should always have the same snapshot 1`] = `
<section
  class="sc-dJjYzT FeLIa"
>
  <a
    href="/country/montenegro"
  >
    <div
      class="MuiPaper-root MuiPaper-elevation MuiPaper-rounded MuiPaper-elevation1 MuiCard-root sc-egiyK hHYkvZ css-66l59o-MuiPaper-root-MuiCard-root"
    >
      <img
        alt="Montenegro Flag"
        class="MuiCardMedia-root MuiCardMedia-media MuiCardMedia-img sc-bqiRlB jRfFxj css-o69gx8-MuiCardMedia-root"
        src="https://flagcdn.com/me.svg"
      />
      <div
        class="MuiCardContent-root sc-hBUSln fsJbhJ css-46bh2p-MuiCardContent-root"
      >
        <h2
          class="sc-ksdxgE jdkhdz"
        >
          Montenegro
        </h2>
        <p
          class="sc-jrQzAO ggsRfk"
        >
          <strong
            class="sc-pVTFL kDtcZD"
          >
            Population: 
          </strong>
          621,718
        </p>
        <p
          class="sc-jrQzAO ggsRfk"
        >
          <strong
            class="sc-pVTFL kDtcZD"
          >
            Region: 
          </strong>
          Europe
        </p>
        <p
          class="sc-jrQzAO ggsRfk"
        >
          <strong
            class="sc-pVTFL kDtcZD"
          >
            Capital: 
          </strong>
          Podgorica
        </p>
      </div>
    </div>
  </a>
</section>
`;
